{-# LANGUAGE ScopedTypeVariables #-}
module HList3 where
import qualified HughesList.DList as DList
import HughesList.DList (DList)

--Super contrived example
explode :: Int -> DList a -> [a]
explode n lst = concat (map (\x -> replicate n x) (DList.toList lst))

f :: IO ()
f = do
  (lst :: [Int]) <- read <$> getLine
  let newLst = explode 3 (DList.fromList lst)
  print newLst
